// Jest Snapshot v1, https://goo.gl/fbAQLP

exports[`DirectionArrow Component matches snapshot 1`] = `
<View
  style={
    {
      "alignItems": "center",
      "paddingVertical": 8,
    }
  }
  testID="direction-arrow-container"
/>
`;
